2026-09-03T20:24:48.998984-07:00	YES_SET_IT	week=1	result=NOOP_ALREADY_MATCHES	starters=Dart,Achane,Etienne,London,Wilson,Pitts,Goedert,Steelers,Pineiro
2026-09-03T20:28:04.019996-07:00	TEST_EDIT	week=1	FLEX: Goedert -> Pittman (Ken capability test); submitted
2026-09-03T20:38:57.874781-07:00	availability.refresh	week=1	players=16	state_changes=0	sources=nfl.com,espn,beat
2026-09-04T09:48:59.724110-07:00	availability.refresh	week=1	players=16	state_changes=0	sources=nfl.com,espn,beat
2026-09-04T12:44:55.215340-07:00	availability.refresh	week=1	players=16	state_changes=0	sources=cbssports,nfl.com,espn,beat	routine=friday-noon
2026-09-04T14:23:12.960305-07:00	availability.refresh	week=1	friday-tweak	players=16	state_changes=Eddy Pineiro(lock:UNLOCKED->LOCKED),Sam Darnold(lock:UNLOCKED->LOCKED),Zach Charbonnet(lock:UNLOCKED->LOCKED),Rashid Shaheed(lock:UNLOCKED->LOCKED)	sources=nfl.com,cbssports,espn,fantasypros,beat
2026-09-04T14:24:55-07:00	lineup.tweak	week=1	confidence=Medium	FLEX=Goedert	espn_diff=FLEX:Pittman->Goedert	auto_commit=Fri20:00PT	stale=false
2026-09-04T15:45:48.309372-07:00	YES_SET_IT	week=1	friday_tweak	FLEX: Pittman -> Goedert; submitted
2026-09-04T20:14:23.096214-07:00	availability.refresh	week=1	fri-evening	players=16	state_changes=0	sources=espn,nfl.com,cbssports,fantasypros,beat	projections=refreshed
2026-09-04T20:15:44.557431-07:00	AUTOCOMMIT	week=1	friday	result=NOOP_ALREADY_MATCHES	failed_gate=7_diff_empty	FLEX=Goedert	refresh=ok
2026-09-05T07:12:16.106615-07:00	ESPN_API_APPLY_OK sp=1 moves=2 verify=ok
2026-09-05T07:12:17.554816-07:00	ESPN_API_APPLY_OK sp=1 moves=2 verify=ok
2026-09-05T07:13:16.025659-07:00	ESPN_API_SYNC n=16 starters={'RB1': "De'Von Achane", 'RB2': 'Travis Etienne Jr.', 'WR1': 'Drake London', 'WR2': 'Garrett Wilson', 'TE': 'Kyle Pitts Sr.', 'DST': 'Steelers D/ST', 'K': 'Eddy Pineiro', 'FLEX': 'Dallas Goedert', 'QB': 'Jaxson Dart'}
2026-09-05T07:27:28.616204-07:00	ESPN_API_SYNC n=16 starters={'RB1': "De'Von Achane", 'RB2': 'Travis Etienne Jr.', 'WR1': 'Drake London', 'WR2': 'Garrett Wilson', 'TE': 'Kyle Pitts Sr.', 'DST': 'Steelers D/ST', 'K': 'Eddy Pineiro', 'FLEX': 'Dallas Goedert', 'QB': 'Jaxson Dart'}
2026-09-05T07:34:01.825659-07:00	WAIVER_CLAIM typed=claim Tre Tucker drop Sam Darnold txn=FREEAGENT http=200 espn_status=EXECUTED
2026-09-05T07:34:08.101033-07:00	ESPN_API_SYNC n=16 starters={'RB1': "De'Von Achane", 'RB2': 'Travis Etienne Jr.', 'WR1': 'Drake London', 'WR2': 'Garrett Wilson', 'TE': 'Kyle Pitts Sr.', 'DST': 'Steelers D/ST', 'K': 'Eddy Pineiro', 'FLEX': 'Dallas Goedert', 'QB': 'Jaxson Dart'}
2026-09-05T07:35:27.792319-07:00	WAIVER_REVERSE undo test claim add Sam Darnold drop Tre Tucker txn=WAIVER http=200 status=PENDING
2026-09-05T07:35:28.718324-07:00	ESPN_API_SYNC n=16 starters={'RB1': "De'Von Achane", 'RB2': 'Travis Etienne Jr.', 'WR1': 'Drake London', 'WR2': 'Garrett Wilson', 'TE': 'Kyle Pitts Sr.', 'DST': 'Steelers D/ST', 'K': 'Eddy Pineiro', 'FLEX': 'Dallas Goedert', 'QB': 'Jaxson Dart'}
2026-09-05T07:36:55.916614-07:00	ESPN_API_SYNC n=16 starters={'RB1': "De'Von Achane", 'RB2': 'Travis Etienne Jr.', 'WR1': 'Drake London', 'WR2': 'Garrett Wilson', 'TE': 'Kyle Pitts Sr.', 'DST': 'Steelers D/ST', 'K': 'Eddy Pineiro', 'FLEX': 'Dallas Goedert', 'QB': 'Jaxson Dart'}
2026-09-05T07:36:55.917678-07:00	WAIVER_CANCEL related=41e20f48-bd60-4503-b5c1-b27119e3d65c http=200 espn_status=CANCELED keep=Tre Tucker
2026-09-05T15:09:17.078506-07:00	ESPN_API_SYNC n=16 starters={'RB1': "De'Von Achane", 'RB2': 'Travis Etienne Jr.', 'WR1': 'Drake London', 'WR2': 'Garrett Wilson', 'TE': 'Kyle Pitts Sr.', 'DST': 'Steelers D/ST', 'K': 'Eddy Pineiro', 'FLEX': 'Dallas Goedert', 'QB': 'Jaxson Dart'}
2026-09-05T15:10:48.472181-07:00	STATUS_OVERRIDE	player=Josh Jacobs	espn=DTD	official=EXEMPT	source=nfl.com
2026-09-05T15:10:48.472181-07:00	STATUS_OVERRIDE	player=Zach Charbonnet	espn=O	official=PUP	source=espn/nbcsports
2026-09-05T15:10:48.472181-07:00	availability.refresh	week=1	players=16	state_changes=0	roster_sync=drop:Sam Darnold;add:Tre Tucker;rename:Steelers->Steelers D/ST	sources=nfl.com,espn,beat,cbssports
2026-09-06T07:08:04.857144-07:00	STATUS_OVERRIDE	player=Josh Jacobs	espn=DTD	official=EXEMPT	source=nfl.com
2026-09-06T07:08:04.857144-07:00	STATUS_OVERRIDE	player=Zach Charbonnet	espn=O	official=PUP	source=espn
2026-09-06T07:08:04.857144-07:00	availability.refresh	week=1	players=16	state_changes=0	sources=nfl.com,espn,beat	routine=sunday-7am
2026-09-06T08:16:32.879368-07:00	ESPN_API_SYNC n=16 starters={'RB1': "De'Von Achane", 'RB2': 'Travis Etienne Jr.', 'WR1': 'Drake London', 'WR2': 'Garrett Wilson', 'TE': 'Kyle Pitts Sr.', 'DST': 'Steelers D/ST', 'K': 'Eddy Pineiro', 'FLEX': 'Dallas Goedert', 'QB': 'Jaxson Dart'}
2026-09-06T08:16:47-07:00	lineup.lock	week=1	result=NOOP_NO_1PM_GAMES_TODAY	note=Week1_Sunday_bulk_is_2026-09-13;first_kickoff=Wed_Sep9	wire=2026-09-06T07:08:04-07:00_0_changes	roster_sync=ok_n=16	starters_out=none	lock_card=none	espn_write=none
2026-09-06T08:46:05.388321-07:00	AUTOCOMMIT	week=1	sunday	result=NOOP_NO_1PM_STARTER_OUT	note=Week1_Sunday_bulk_is_2026-09-13;today=2026-09-06;starters_out=none;espn_write=none
2026-09-07T08:01:32-07:00	week.review	week=pre-1	result=SKIP_NO_BOX_SCORES	note=NFL_Week1_first_kickoff=2026-09-09;first_form_pass=2026-09-14;no_regular_season_actuals
2026-09-07T09:43:30.139825-07:00	STATUS_OVERRIDE	player=Josh Jacobs	espn=DTD	official=EXEMPT	source=nfl.com
2026-09-07T09:43:30.139825-07:00	STATUS_OVERRIDE	player=Zach Charbonnet	espn=O	official=PUP	source=espn/seahawks.com
2026-09-07T09:43:30.139825-07:00	availability.refresh	week=1	players=16	state_changes=0	sources=nfl.com,seahawks.com,espn,beat	routine=weekdays-9am	roster_as_of=2026-09-06T08:16:32-07:00	roster_stale_gt24h=true	ask_blitz=roster.sync
2026-09-07T09:44:11.215545-07:00	ESPN_API_SYNC n=16 starters={'RB1': "De'Von Achane", 'RB2': 'Travis Etienne Jr.', 'WR1': 'Drake London', 'WR2': 'Garrett Wilson', 'TE': 'Kyle Pitts Sr.', 'DST': 'Steelers D/ST', 'K': 'Eddy Pineiro', 'FLEX': 'Dallas Goedert', 'QB': 'Jaxson Dart'}
2026-09-08T06:13:01.607078-07:00	availability.refresh	week=1	players=16	state_changes=Michael Pittman Jr.(news refresh LIMITED; Mon practice),Jonathon Brooks(Q play_prob 0.75→0.55; Mon trainers / hopes so)	sources=nfl.com,beat,espn,49erswebzone,fantasypros	routine=wire-8am-new-news-backup
2026-09-08T09:25:47.355540-07:00	STATUS_OVERRIDE	player=Josh Jacobs	espn=DTD	official=EXEMPT	source=nfl.com
2026-09-08T09:25:47.355540-07:00	STATUS_OVERRIDE	player=Zach Charbonnet	espn=O	official=PUP	source=espn/nfl.com
2026-09-08T09:25:47.355540-07:00	availability.refresh	week=1	players=16	state_changes=0	sources=nfl.com,seahawks.com,espn,beat,panthers.com	routine=weekdays-9am	roster_as_of=2026-09-07T09:44:11-07:00	roster_stale_gt24h=false
2026-09-08T12:04:50.660625-07:00	ESPN_API_SYNC n=16 starters={'RB1': "De'Von Achane", 'RB2': 'Travis Etienne Jr.', 'WR1': 'Drake London', 'WR2': 'Garrett Wilson', 'TE': 'Kyle Pitts Sr.', 'DST': 'Steelers D/ST', 'K': 'Eddy Pineiro', 'FLEX': 'Dallas Goedert', 'QB': 'Jaxson Dart'}
2026-09-08T12:09:14-07:00	lineup.set	week=1	confidence=Medium	FLEX=Goedert	espn_diff=empty	auto_commit=Tue20:00PT	stale=false	midweek=Pineiro,Shaheed
2026-09-08T23:04:13Z APPLY week=1 noop=true source=yes_set_it
SHOT_AFTER week=1 noop=true hash=4a6253132144fe6d38ea90f50348a499489fd800ffc03fb223b4c91f75c148d1 2026-09-08T23:08:15Z
2026-09-08T20:18:08.671048-07:00	ESPN_API_SYNC n=16 starters={'RB1': "De'Von Achane", 'RB2': 'Travis Etienne Jr.', 'WR1': 'Drake London', 'WR2': 'Garrett Wilson', 'TE': 'Kyle Pitts Sr.', 'DST': 'Steelers D/ST', 'K': 'Eddy Pineiro', 'FLEX': 'Dallas Goedert', 'QB': 'Jaxson Dart'}
2026-09-08T20:19:26-07:00	AUTOCOMMIT	week=1	set	result=NOOP_ALREADY_MATCHES	failed_gate=7_diff_empty	FLEX=Goedert	refresh=ok	starters=Dart,Achane,Etienne,London,Wilson,Pitts,Goedert,Steelers,Pineiro
2026-09-09T09:29:49-07:00	STATUS_OVERRIDE	player=Josh Jacobs	espn=DTD	official=EXEMPT	source=nfl.com
2026-09-09T09:29:49-07:00	STATUS_OVERRIDE	player=Zach Charbonnet	espn=O	official=PUP	source=espn/nfl.com
2026-09-09T09:29:49-07:00	availability.refresh	week=1	players=16	state_changes=0	sources=nfl.com,seahawks.com,espn,beat,panthers.com,steelers.com	routine=weekdays-9am	roster_as_of=2026-09-08T20:18:08-07:00	roster_stale_gt24h=false
2026-09-09T14:06:50.744950-07:00	ESPN_API_SYNC n=16 starters={'RB1': "De'Von Achane", 'RB2': 'Travis Etienne Jr.', 'WR1': 'Drake London', 'WR2': 'Garrett Wilson', 'TE': 'Kyle Pitts Sr.', 'DST': 'Steelers D/ST', 'K': 'Eddy Pineiro', 'FLEX': 'Dallas Goedert', 'QB': 'Jaxson Dart'}
2026-09-09T14:09:28-07:00 lineup.autocommit window=set_backup refresh=ok startsit_changed=True flex=Dallas Goedert->Michael Pittman Jr. espn_diff={"FLEX": {"from": "Dallas Goedert", "to": "Michael Pittman Jr."}}
2026-09-09T14:09:28-07:00 STATUS_OVERRIDE/REFRESH Michael Pittman Jr.: LIMITED→ACTIVE pittman=ACTIVE_wed_ir
2026-09-09T14:10:03.058527-07:00	ESPN_API_APPLY_OK sp=1 moves=2 verify=ok
2026-09-09T14:10:19-07:00 AUTO_APPLIED window=set_backup week=1 FLEX=Goedert->Pittman verify_ok=true alert=false
2026-09-09T14:10:19.953452-07:00	ESPN_API_SYNC n=16 starters={'RB1': "De'Von Achane", 'RB2': 'Travis Etienne Jr.', 'WR1': 'Drake London', 'WR2': 'Garrett Wilson', 'TE': 'Kyle Pitts Sr.', 'DST': 'Steelers D/ST', 'K': 'Eddy Pineiro', 'FLEX': 'Michael Pittman Jr.', 'QB': 'Jaxson Dart'}
SHOT_AFTER week=1 flex=Pittman hash=e1742ecd377eb406ab0dfb3ad3f55333c79e8e7c5c15eb1e4a89fbd94bbb5d15 2026-09-09T21:15:42Z
2026-09-09T15:31:22.869688-07:00	IR_MOVE player=Zach Charbonnet id=4426385 from=20 to=21 http=200
2026-09-09T15:31:47.503911-07:00	FREEAGENT_ADD player=Tyler Allgeier id=4373626 http=200 tx_status=EXECUTED
2026-09-09T15:31:53.794801-07:00	ESPN_API_SYNC n=17 starters={'RB1': "De'Von Achane", 'RB2': 'Travis Etienne Jr.', 'WR1': 'Drake London', 'WR2': 'Garrett Wilson', 'TE': 'Kyle Pitts Sr.', 'DST': 'Steelers D/ST', 'K': 'Eddy Pineiro', 'FLEX': 'Michael Pittman Jr.', 'QB': 'Jaxson Dart'}
2026-09-10T09:24:00-07:00	STATUS_OVERRIDE	player=Josh Jacobs	espn=DTD	official=EXEMPT	source=nfl.com/wsaw
2026-09-10T09:24:00-07:00	STATUS_OVERRIDE	player=Zach Charbonnet	espn=O	official=PUP	source=espn/nfl.com/seahawks
2026-09-10T09:24:00-07:00	availability.refresh	week=1	players=17	state_changes=Jonathon Brooks: play_prob 0.55→0.75,Jakobi Meyers: play_prob 0.45→0.75,Tyler Allgeier: NEW→ACTIVE	lock_changes=Zach Charbonnet: lock_state UNLOCKED→DONE;Rashid Shaheed: lock_state UNLOCKED→DONE	sources=nfl.com,cbs,panthers.com,49ers.com,raiders.com,beat,espn	routine=weekdays-9am	roster_as_of=2026-09-09T15:31:53-07:00	roster_stale_gt24h=false
2026-09-10T16:52:39-07:00 availability.note Tua oblique DTD — updated London+Pitts news with QB context (Rush 1st-team; Penix inactive); states ACTIVE unchanged; players=['London', 'Pitts']
2026-09-11T06:15:00-07:00 Wire 8am Fri digest: light availability refresh
STATUS_OVERRIDE player=Josh Jacobs espn=DTD official=EXEMPT source=nfl.com/nypost (post-plea still CEL)
LOCK Eddy Pineiro UNLOCKED→DONE (Melbourne Wk1)
2026-09-11T06:12:56-07:00	availability.note	8am digest Fri	updates=['Jacobs news court', 'Tucker Bowers note']
2026-09-11T09:10:00-07:00	STATUS_OVERRIDE	player=Josh Jacobs	espn=DTD	official=EXEMPT	source=nfl.com/nypost/espn
2026-09-11T09:10:00-07:00	STATUS_OVERRIDE	player=Zach Charbonnet	espn=O	official=PUP	source=espn/nfl.com/seahawks
2026-09-11T09:10:00-07:00	availability.refresh	week=1	players=17	state_changes=0	sources=nfl.com,atlantafalcons.com,panthers.com,raiders.com,azcardinals.com,steelers.com,espn,beat	routine=weekdays-9am	roster_as_of=2026-09-09T15:31:53-07:00	roster_stale_gt24h=true	ask_blitz=roster.sync	note=Fri_final_IR_not_yet_posted
2026-09-11T09:12:11.212476-07:00	ESPN_API_SYNC n=17 starters={'RB1': "De'Von Achane", 'RB2': 'Travis Etienne Jr.', 'WR1': 'Drake London', 'WR2': 'Garrett Wilson', 'TE': 'Kyle Pitts Sr.', 'DST': 'Steelers D/ST', 'K': 'Eddy Pineiro', 'FLEX': 'Michael Pittman Jr.', 'QB': 'Jaxson Dart'}
2026-09-12T06:10:00-07:00	availability.refresh	week=1	players=17	state_changes=2	sources=nfl.com,team,beat	note=8am_digest_fri_finals	Jonathon Brooks:QUESTIONABLE->ACTIVE;Jakobi Meyers:QUESTIONABLE->ACTIVE
2026-09-12T06:09:10.638776-07:00	ESPN_API_SYNC n=17 starters={'RB1': "De'Von Achane", 'RB2': 'Travis Etienne Jr.', 'WR1': 'Drake London', 'WR2': 'Garrett Wilson', 'TE': 'Kyle Pitts Sr.', 'DST': 'Steelers D/ST', 'K': 'Eddy Pineiro', 'FLEX': 'Michael Pittman Jr.', 'QB': 'Jaxson Dart'}
2026-09-12T06:11:46-07:00	availability.refresh	week=1	state_changes=0	news=London Tua OUT,Pitts Tua OUT,Steelers Porter Q,Pittman cleared,Tucker Bowers,Allgeier Love Q	catchup=fri-noon-failed	sources=nfl.com,team
2026-09-12T06:12:00-07:00	lineup.tweak	week=1	makeup_sat	confidence=Medium	TE=Goedert	espn_diff=TE:Pitts->Goedert	FLEX=Pittman	espn_write=false	stale=false	ir=Tua_OUT_Rush_Brooks_ACTIVE_Meyers_ACTIVE_Bowers_OUT
2026-09-12T06:20:37.869716-07:00	ESPN_API_VERIFY_FAIL write_http=200 mismatches=[{'slot': 'WR1', 'expected': 'Garrett Wilson', 'actual': 'Drake London'}, {'slot': 'WR2', 'expected': 'Drake London', 'actual': 'Garrett Wilson'}]
2026-09-12T06:20:49.070355-07:00	YES_SET_IT week=1 friday_tweak_makeup TE:Pitts->Goedert verify_ok=True wr_order_cosmetic_fixed
2026-09-12T06:20:49.551756-07:00	ESPN_API_SYNC n=17 starters={'RB1': "De'Von Achane", 'RB2': 'Travis Etienne Jr.', 'WR1': 'Drake London', 'WR2': 'Garrett Wilson', 'TE': 'Dallas Goedert', 'DST': 'Steelers D/ST', 'K': 'Eddy Pineiro', 'FLEX': 'Michael Pittman Jr.', 'QB': 'Jaxson Dart'}
SHOT_AFTER week=1 TE=Goedert hash=8eb1de44a952a1abd413f1ee6721c996253c306f01ac85c8a3c15bcecab28567 2026-09-12T13:29:46Z
2026-09-13T06:12:24-07:00 WIRE_8AM_NEW week=1 news_refresh=[Travis Etienne Jr.,Steelers D/ST,Tyler Allgeier] state_changes=0 jacobs=EXEMPT charbonnet=PUP league_hits=Kamara_expected_out,Love_expected_play,Nabers_GTD,Odunze_expected,Jeanty_play,PorterJr_unlikely
2026-09-13T08:22:34.753298-07:00	ESPN_API_SYNC n=17 starters={'RB1': "De'Von Achane", 'RB2': 'Travis Etienne Jr.', 'WR1': 'Drake London', 'WR2': 'Garrett Wilson', 'TE': 'Dallas Goedert', 'DST': 'Steelers D/ST', 'K': 'Eddy Pineiro', 'FLEX': 'Michael Pittman Jr.', 'QB': 'Jaxson Dart'}
2026-09-13T15:23:18Z LOCK_CHECK week=1 window=1pmET result=no_swap starters='Etienne,London,Wilson,Pittman,Steelers DST' note='NFL.com Fri IR + availability: none OUT; roster.sync ok'
2026-09-13T15:46:55Z AUTOCOMMIT week=1 window=sunday_0840PT result=skip reason=no_1pmET_starter_OUT starters_checked="Etienne,London,Wilson,Pittman,Steelers" espn=untouched
2026-09-14T16:51:06-07:00 WEEK_REVIEW week=1 result=W score=132.9 opp=TCO/102.22 delta=+14.09
2026-09-14T16:51:06-07:00 SCORECARD_WRITTEN week=1 path=results/week-1-scorecard.md
2026-09-14T16:51:06-07:00 STANDINGS_UPDATED week=1 counted=1-0 espn_official=UNDECIDED
2026-09-14T16:51:06-07:00 LESSONS_APPENDED week=1 n=3
2026-09-14T16:52:02-07:00 SCORECARD_EMAILED week=1 to=kaalrich@gmail.com attach=md thread=1a0a255ab0acb50d
2026-09-14T16:52:02-07:00 SIGMA_PING week=1 result=blocked agent_not_found
2026-09-15T11:16:42-07:00	W8	availability.note	post-W1 locks/news	week=1
2026-09-15T12:05:01.948442-07:00	ESPN_API_SYNC n=17 starters={'RB1': "De'Von Achane", 'RB2': 'Travis Etienne Jr.', 'WR1': 'Drake London', 'WR2': 'Garrett Wilson', 'TE': 'Dallas Goedert', 'DST': 'Steelers D/ST', 'K': 'Eddy Pineiro', 'FLEX': 'Michael Pittman Jr.', 'QB': 'Jaxson Dart'}
2026-09-15T12:10:30-07:00 SET week=2 skill=lineup.set confidence=Medium auto_commit=Tue_10PM_CT first_our=Sun_12CT_bulk source=espn_api+wire_w8+partial_fp
2026-09-15T12:14:17-07:00	STATUS_OVERRIDE	player=Josh Jacobs	espn=DTD	official=EXEMPT	source=nfl.com/nypost/schefter
2026-09-15T12:14:17-07:00	STATUS_OVERRIDE	player=Zach Charbonnet	espn=O	official=PUP	source=espn/nfl.com/seahawks
2026-09-15T12:14:17-07:00	availability.refresh	week=2	players=17	state_changes=0	sources=nfl.com,atlantafalcons.com,espn,beat,schefter,rotowire,cardswire,steelers	routine=av-set-week	roster_as_of=2026-09-15T12:05:01.947923-07:00	roster_stale_gt24h=false	note=post-W1_set_window_W2
2026-09-15T17:57:18.928408-07:00	ESPN_API_SYNC n=17 starters={'RB1': "De'Von Achane", 'RB2': 'Travis Etienne Jr.', 'WR1': 'Drake London', 'WR2': 'Garrett Wilson', 'TE': 'Dallas Goedert', 'DST': 'Steelers D/ST', 'K': 'Eddy Pineiro', 'FLEX': 'Michael Pittman Jr.', 'QB': 'Jaxson Dart'}
2026-09-15T20:06:24.084334-07:00	ESPN_API_SYNC n=17 starters={'RB1': "De'Von Achane", 'RB2': 'Travis Etienne Jr.', 'WR1': 'Drake London', 'WR2': 'Garrett Wilson', 'TE': 'Dallas Goedert', 'DST': 'Steelers D/ST', 'K': 'Eddy Pineiro', 'FLEX': 'Michael Pittman Jr.', 'QB': 'Jaxson Dart'}
2026-09-15T20:08:55.610930-07:00	AUTOCOMMIT	week=2	window=set	result=AUTO-APPLIED_NOOP	gates=1-9_pass;10_soft_noop	refresh=ok	startsit_changed=false	roster_as_of=2026-09-15T20:06:24.083904-07:00	moves=none	starters=Dart,Achane,Etienne,London,Wilson,Goedert,Pittman,Steelers,Pineiro	hold=none_after_card	verify=ok	alert=false	ct=Tue Sep 15, 10:08 PM CT
2026-09-15T20:08:55.610930-07:00	STATUS_OVERRIDE	player=Josh Jacobs	espn=DTD	official=EXEMPT	source=nfl.com/nypost/schefter/rotowire	autocommit_refresh
2026-09-15T20:08:55.610930-07:00	STATUS_OVERRIDE	player=Zach Charbonnet	espn=O	official=PUP	source=espn/nfl.com/seahawks	autocommit_refresh
2026-09-16T14:04:40.621266-07:00	ESPN_API_SYNC n=17 starters={'RB1': "De'Von Achane", 'RB2': 'Travis Etienne Jr.', 'WR1': 'Drake London', 'WR2': 'Garrett Wilson', 'TE': 'Dallas Goedert', 'DST': 'Steelers D/ST', 'K': 'Eddy Pineiro', 'FLEX': 'Michael Pittman Jr.', 'QB': 'Jaxson Dart'}
2026-09-16T14:15:53.470949-07:00	ESPN_API_APPLY_OK sp=2 moves=2 verify=ok
2026-09-16T14:16:42.687436-07:00	ESPN_API_SYNC n=17 starters={'RB1': "De'Von Achane", 'RB2': 'Travis Etienne Jr.', 'WR1': 'Drake London', 'WR2': 'Garrett Wilson', 'TE': 'Dallas Goedert', 'DST': 'Steelers D/ST', 'K': 'Eddy Pineiro', 'FLEX': 'Kyle Pitts Sr.', 'QB': 'Jaxson Dart'}
2026-09-16T14:16:42.016174-07:00	STATUS_OVERRIDE	player=Josh Jacobs	espn=DTD	official=EXEMPT	source=nfl.com/nypost/schefter	autocommit_set_backup
2026-09-16T14:16:42.016174-07:00	STATUS_OVERRIDE	player=Zach Charbonnet	espn=O	official=PUP	source=espn/nfl.com/seahawks	autocommit_set_backup
2026-09-16T14:16:42.016174-07:00	STATUS_NOTE	player=Michael Pittman Jr.	espn=Q	official_practice=LIMITED_foot	source=steelers.com	snap_mult=0.70
2026-09-16T14:16:42.016174-07:00	STATUS_NOTE	player=Jakobi Meyers	espn=Q	official_practice=LIMITED_thumb	source=jaguars.com	snap_mult=0.75
2026-09-16T14:16:42.016174-07:00	SHOT_BEFORE	week=2	hash=b20291e0ab1bdd1ea1a434d9fdad0f73eb6e8871fbcd7e972b7a6c0dc8f1ba05	window=set_backup
2026-09-16T14:16:42.016174-07:00	SHOT_AFTER	week=2	hash=911f14f819947b21c6364135d3c544ec45bf446a63233aec45f4e8e6574315c9	window=set_backup	FLEX=Pitts
2026-09-16T14:16:42.016174-07:00	AUTOCOMMIT	week=2	window=set_backup	result=AUTO-APPLIED	gates=1-10_pass	refresh=ok	startsit_changed=true	move=FLEX:Pittman->Pitts	roster_as_of=2026-09-16T14:16:42.686921-07:00	starters=Dart,Achane,Etienne,London,Wilson,Goedert,Pitts,Steelers,Pineiro	hold=none_after_card	verify=ok	alert=false	ct=Wed Sep 16, 4:16 PM CT
2026-09-17T11:13:05-07:00	W8	news touch Steelers/Etienne/Allgeier/Tucker
2026-09-18T11:22:41-07:00	W8 Fri	Rush confirmed W2; Pittman DNP foot; Kamara debut; Bowers practiced
2026-09-18T11:23:47.335698-07:00	ESPN_API_SYNC n=17 starters={'RB1': "De'Von Achane", 'RB2': 'Travis Etienne Jr.', 'WR1': 'Drake London', 'WR2': 'Garrett Wilson', 'TE': 'Dallas Goedert', 'DST': 'Steelers D/ST', 'K': 'Eddy Pineiro', 'FLEX': 'Kyle Pitts Sr.', 'QB': 'Jaxson Dart'}
2026-09-18T11:26:03-07:00	lineup.tweak	week=2	confidence=Medium	FLEX=Pitts	espn_diff=empty	espn_write=false	stale=false	ir=Rush_STARTS_Pittman_DNP_Kamara_debut_Bowers_practiced	auto_commit=Fri_10PM_CT	ct=Fri Sep 18, 1:26 PM CT
2026-09-18T11:26:03-07:00	ESPN_API_SYNC_NOTE	week=2	n=17	starters=unchanged_Pitts_FLEX	fri_tweak
2026-09-18T14:16:31.929351-07:00	ESPN_API_SYNC n=17 starters={'RB1': "De'Von Achane", 'RB2': 'Travis Etienne Jr.', 'WR1': 'Drake London', 'WR2': 'Garrett Wilson', 'TE': 'Dallas Goedert', 'DST': 'Steelers D/ST', 'K': 'Eddy Pineiro', 'FLEX': 'Kyle Pitts Sr.', 'QB': 'Jaxson Dart'}
2026-09-18T14:23:21-07:00	lineup.tweak	week=2	confidence=Medium	FLEX=Tucker	espn_diff=FLEX:Pitts->Tucker	espn_write=false	stale=false	ir=Rush_STARTS_Pittman_Q_Meyers_nodesig_Bowers_DOUBTFUL_Porter_OUT_Pineiro_UNSPECIFIED	auto_commit=Fri_10PM_CT	ct=Fri Sep 18, 4:23 PM CT
2026-09-18T14:23:33-07:00	STATUS_OVERRIDE	player=Josh Jacobs	espn=DTD	official=EXEMPT	source=nfl.com
2026-09-18T14:23:33-07:00	STATUS_OVERRIDE	player=Zach Charbonnet	espn=O	official=PUP	source=espn/nfl.com
2026-09-18T14:23:33-07:00	availability.refresh	week=2	fri_tweak_afternoon	pittman=QUESTIONABLE	meyers=LIMITED_nodesig	bowers=DOUBTFUL	porter=OUT	pineiro=Q_fri_UNSPECIFIED
2026-09-18T14:28:21-07:00	STATUS_OVERRIDE	player=Josh Jacobs	espn=DTD	official=EXEMPT	source=nfl.com
2026-09-18T14:28:21-07:00	STATUS_OVERRIDE	player=Zach Charbonnet	espn=O	official=PUP	source=espn/nfl.com/seahawks
2026-09-18T14:28:21-07:00	availability.refresh	week=2	fri_ir	players=17	state_changes=0	pittman=QUESTIONABLE	meyers=LIMITED_nodesig	bowers=DOUBTFUL	porter=OUT	pineiro=Q_fri_UNSPECIFIED	rush=STARTS	penix=OUT	tua=DOUBTFUL	kamara=FP_nodesig	roster_stale=false	ct=Fri Sep 18, 4:28 PM CT
2026-09-18T14:37:31-07:00	Meyers Fri cleared no designation
2026-09-18T20:07:48.154839-07:00	ESPN_API_SYNC n=17 starters={'RB1': "De'Von Achane", 'RB2': 'Travis Etienne Jr.', 'WR1': 'Drake London', 'WR2': 'Garrett Wilson', 'TE': 'Dallas Goedert', 'DST': 'Steelers D/ST', 'K': 'Eddy Pineiro', 'FLEX': 'Kyle Pitts Sr.', 'QB': 'Jaxson Dart'}
2026-09-18T20:09:00-07:00	STATUS_OVERRIDE	player=Josh Jacobs	espn=DTD	official=EXEMPT	source=nfl.com	autocommit_friday
2026-09-18T20:09:00-07:00	STATUS_OVERRIDE	player=Zach Charbonnet	espn=O	official=PUP	source=espn/nfl.com	autocommit_friday
2026-09-18T20:09:00-07:00	STATUS_NOTE	player=Eddy Pineiro	espn=Q	official=QUESTIONABLE_illness	source=49ers.com/nbc/cbs	play_prob=0.55	was=UNSPECIFIED
2026-09-18T20:09:00-07:00	autocommit.pre_refresh	week=2	window=friday_tweak	startsit_changed=false	flex=Tre Tucker	pineiro=official_Q
2026-09-18T20:10:28.400022-07:00	ESPN_API_APPLY_OK sp=2 moves=2 verify=ok
2026-09-18T20:10:37.361278-07:00	ESPN_API_SYNC n=17 starters={'RB1': "De'Von Achane", 'RB2': 'Travis Etienne Jr.', 'WR1': 'Drake London', 'WR2': 'Garrett Wilson', 'TE': 'Dallas Goedert', 'DST': 'Steelers D/ST', 'K': 'Eddy Pineiro', 'FLEX': 'Tre Tucker', 'QB': 'Jaxson Dart'}
2026-09-18T20:11:03-07:00	ESPN_API_APPLY_OK	sp=2	moves=2	verify=ok	FLEX=Pitts->Tucker
2026-09-18T20:11:03-07:00	SHOT_BEFORE	week=2	hash=6f4fcbaf7887342ad0b79c3a86d320b01cd05f24347f6ed0e36eeda538b775cd	window=friday_tweak
2026-09-18T20:11:03-07:00	SHOT_AFTER	week=2	hash=ba5f8cdbe62cdbabae14495a58449f99a88b36dbd9668471bdd517052e290f7e	window=friday_tweak	FLEX=Tucker
2026-09-18T20:11:03-07:00	AUTOCOMMIT	week=2	window=friday_tweak	result=AUTO-APPLIED	gates=1-10_pass	refresh=ok	startsit_changed=false	move=FLEX:Pitts->Tucker	roster_as_of=2026-09-18T20:10:37.360914-07:00	starters=Dart,Achane,Etienne,London,Wilson,Goedert,Tucker,Steelers,Pineiro	hold=none_after_card	verify=ok	alert=false	ct=Fri Sep 18, 10:11 PM CT
2026-09-18T20:11:30-07:00	SHOT_AFTER	week=2	hash=ef7622dd46365ca975a133c3a2f6bfafa0f564cae94b3ed31c9bde805814d065	window=friday_tweak	FLEX=Tucker	reshoot=starters_flex_visible
2026-09-19T10:28:00.258764-07:00	ESPN_API_SYNC n=17 starters={'RB1': "De'Von Achane", 'RB2': 'Travis Etienne Jr.', 'WR1': 'Drake London', 'WR2': 'Garrett Wilson', 'TE': 'Dallas Goedert', 'DST': 'Steelers D/ST', 'K': 'Eddy Pineiro', 'FLEX': 'Tre Tucker', 'QB': 'Jaxson Dart'}
2026-09-19T11:04:02.346126-07:00	W8 Sat	availability.refresh	week=2	pittman=QUESTIONABLE->OUT	pineiro=still_Q_no_sat_signing	sources=SteelersPRBurt,RapSheet,Schefter,Garafolo,49ers/beat	ct=Sat Sep 19, 1:04 PM CT	no_ken_blitz_ping_per_task
2026-09-20T08:16:03.722703-07:00	ESPN_API_SYNC n=17 starters={'RB1': "De'Von Achane", 'RB2': 'Travis Etienne Jr.', 'WR1': 'Drake London', 'WR2': 'Garrett Wilson', 'TE': 'Dallas Goedert', 'DST': 'Steelers D/ST', 'K': 'Eddy Pineiro', 'FLEX': 'Tre Tucker', 'QB': 'Jaxson Dart'}
2026-09-20T08:19:19.196154-07:00	STATUS_OVERRIDE	player=Josh Jacobs	espn=DTD	official=EXEMPT	source=SI/nfl.com	sun_am_confirm
2026-09-20T08:19:19.196154-07:00	STATUS_OVERRIDE	player=Zach Charbonnet	espn=O	official=PUP	source=nfl.com/seahawks	sun_am_confirm
2026-09-20T08:19:19.196154-07:00	STATUS_NOTE	player=Michael Pittman Jr.	espn=O	official=OUT_foot	source=WCCS/ESPN/SteelersPR	sun_am_confirm
2026-09-20T08:19:19.196154-07:00	STATUS_NOTE	player=Eddy Pineiro	espn=Q	official=QUESTIONABLE_illness	beat=expected_play_Maiocco	play_prob=0.85	source=NBC Bay Area
2026-09-20T08:19:19.196154-07:00	availability.refresh	week=2	sun_am_inactives	players=17	state_changes=0	new_outs_starters=0	1pm_starters=ALL_ACTIVE	pittman=OUT	jacobs=EXEMPT	charbonnet=PUP	pineiro=Q_expected	bowers=DOUBTFUL	official_1pm_lists=PENDING_1130ET	nflcom_inactives=STALE_DISREGARDED	ct=10:19 AM CT	no_ken_ping_per_task
2026-09-20T08:32:24.735948-07:00 LINEUP_LOCK week=2 result=NO_SWAP 1pm_starters=London,Etienne,Wilson,Goedert,SteelersDST all_clear bench_OUT=Pittman note=stay_quiet
2026-09-20T08:35:06.392216-07:00	ESPN_API_SYNC n=17 starters={'RB1': "De'Von Achane", 'RB2': 'Travis Etienne Jr.', 'WR1': 'Drake London', 'WR2': 'Garrett Wilson', 'TE': 'Dallas Goedert', 'DST': 'Steelers D/ST', 'K': 'Eddy Pineiro', 'FLEX': 'Tre Tucker', 'QB': 'Jaxson Dart'}
2026-09-20T08:47:54-07:00	AUTOCOMMIT	week=2	window=sunday_0840PT	result=skip	reason=no_1pmET_starter_OUT	starters_checked="Etienne,London,Wilson,Goedert,SteelersDST"	bench_OUT=Pittman	pineiro=Q_late_window	espn=untouched	prior_lock=NO_SWAP@10:32CT	ct=Sun Sep 20, 10:47 AM CT
2026-09-20T13:11:18.997922-05:00	W8	week=2	ournotes=Etienne Kamara-active note,Shaheed Olave-active note	pittman=OUT_confirm	porter=OUT	tua=inactive	kamara=active	olave=active
2026-09-20T13:59:53.033570-05:00	GOEDERT	state=QUESTIONABLE	knee_QTR_W2_TEN	source=Inquirer/beat
2026-09-20T15:03:18-05:00	K_SWAP_DEADMAN	week=2	result=STOOD_DOWN	pineiro=ACTIVE_official	sheet=HOLD	net_ev_best=-0.25	threshold=+1.0	ken_decision=none	espn=untouched	source=49ers.com_inactives
2026-09-21T08:37:38.149573-07:00	WEEK_REVIEW_SKIP	week=2	reason=matchup_UNDECIDED_live_incomplete	us_live=82.3	winner=UNDECIDED	dart_MNF_pending	ct=Mon Sep 21, 10:37 AM CT	email=false	ken_ping=false
2026-09-21T13:24:33.690847-05:00	W8	Mon	goedert=MRI_Mon_may_miss	bowers=inactive_W2_trend_W3	pineiro=ACTIVE_confirm
2026-09-21T14:39:08.748548-07:00	ESPN_API_SYNC n=17 starters={'RB1': "De'Von Achane", 'RB2': 'Travis Etienne Jr.', 'WR1': 'Drake London', 'WR2': 'Garrett Wilson', 'TE': 'Dallas Goedert', 'DST': 'Steelers D/ST', 'K': 'Eddy Pineiro', 'FLEX': 'Tre Tucker', 'QB': 'Jaxson Dart'}
2026-09-21T20:15:18.590111-05:00	STATUS_NOTE	player=Jaxson Dart	espn=Q	official=QUESTIONABLE_knee_MNF	winston=in	devito=not_on_53	ken_claimed_OUT=true	source=ESPN_API/CBS
2026-09-21T20:15:18.590111-05:00	STATUS_OVERRIDE	player=Dallas Goedert	espn=D	official=OUT_MCL_few_weeks	source=Schefter/Rapoport/ESPN	was=QUESTIONABLE
2026-09-21T20:15:18.590111-05:00	AV	week=2	dart=ACTIVE->QUESTIONABLE	goedert=QUESTIONABLE->OUT	qb_ripple=no_our_NYG_pass_catchers	ct=Mon Sep 21, 8:15 PM CT	blitz_only=1
2026-09-21T18:24:08.838207-07:00	WAIVER_CLAIM typed=claim Kyler Murray drop Jonathon Brooks txn=FREEAGENT http=409 espn_status=None
2026-09-21T18:24:09.257103-07:00	ESPN_API_SYNC n=17 starters={'RB1': "De'Von Achane", 'RB2': 'Travis Etienne Jr.', 'WR1': 'Drake London', 'WR2': 'Garrett Wilson', 'TE': 'Dallas Goedert', 'DST': 'Steelers D/ST', 'K': 'Eddy Pineiro', 'FLEX': 'Tre Tucker', 'QB': 'Jaxson Dart'}
2026-09-21T18:24:19.486406-07:00	WAIVER_CLAIM typed=claim Kyler Murray drop Jonathon Brooks txn=WAIVER http=200 espn_status=PENDING
2026-09-22T09:34:34-0500	AAR week=2 lane=blitz path=results/aar/week-2-blitz.md lessons=2 result=L_83.1-104.02_CDS
2026-09-22T09:54:37-0500	AAR week=2 lane=sigma path=results/sigma/aar/week-2-sigma.md consequential=1 result=L_83.1-104.02_CDS week2_json=backfilled
2026-09-22T09:54:41-0500	AAR week=2 lane=sigma path=results/sigma/aar/week-2-sigma.md consequential=1 result=L_83.1-104.02_CDS week2_json=backfilled
2026-09-22T09:57:28-05:00 WEEK_REVIEW week=2 result=L score=83.1 opp=CDS/104.02 delta=-26.42 makeup=true
2026-09-22T09:57:28-05:00 SCORECARD_WRITTEN week=2 path=results/week-2-scorecard.md
2026-09-22T09:57:28-05:00 SCORECARD_EMAILED week=2 to=kaalrich@gmail.com attach=md thread=1a0c99eced6a40a2 msg=1a0c99f1444b866a
2026-09-22T09:57:28-05:00 STANDINGS_REFRESH week=2 record=1-1 PF=216.0 PA=206.24 waiver=5 source=espn_mTeam
2026-09-22T13:19:35.841056-05:00	STATUS_NOTE	player=Jonathon Brooks	espn=D	official=QUESTIONABLE_groin_W2W	was=ACTIVE_stale	source=Pelissero/Canales
2026-09-22T13:19:35.841056-05:00	STATUS_NOTE	player=Jaxson Dart	espn=Q	official=QUESTIONABLE_believed_MCL	mri=Tue_pending	winston=backup
2026-09-22T13:19:35.841056-05:00	AV	week=3	brooks=ACTIVE->QUESTIONABLE	dart=Q_refresh_MCL	goedert=OUT_hold	lock_state=DONE_W2	qb_ripple=none	ct=Tue Sep 22, 1:19 PM CT	blitz_only=1
2026-09-22T12:14:56.990258-07:00	ESPN_API_SYNC n=17 starters={'RB1': "De'Von Achane", 'RB2': 'Travis Etienne Jr.', 'WR1': 'Drake London', 'WR2': 'Garrett Wilson', 'TE': 'Dallas Goedert', 'DST': 'Steelers D/ST', 'K': 'Eddy Pineiro', 'FLEX': 'Tre Tucker', 'QB': 'Jaxson Dart'}
2026-09-22T12:21:13-07:00 LINEUP_SET week=3 espn_sync=ok roster_diff=none QB=EMPTY(Dart OUT) TE=Pitts FLEX=Shaheed card=cards/week-3.md espn_write=false
2026-09-22T14:25:57.917039-05:00	AV_SET_WEEK	week=3	dart=OUT_extended_poss_season	goedert=OUT_MCL	brooks=DOUBTFUL_groin_W2W	pittman=OUT_foot	jacobs=EXEMPT	charbonnet=PUP	penix=TNF_London_Pitts	bowers_trend=Tucker_haircut	qb_ripple=none	ct=Tue Sep 22, 2:25 PM CT	blitz_only=1
2026-09-22T14:25:57.917039-05:00	STATUS_OVERRIDE	player=Jaxson Dart	espn=Q_or_pending	official=OUT_extended_MRI	source=Rapoport/Schefter/Garafolo
2026-09-22T14:25:57.917039-05:00	STATUS_OVERRIDE	player=Josh Jacobs	espn=DTD	official=EXEMPT	source=NFL_admin
2026-09-22T14:25:57.917039-05:00	STATUS_OVERRIDE	player=Zach Charbonnet	espn=O	official=PUP	source=Seahawks
2026-09-22T20:08:30.833620-07:00	ESPN_API_SYNC n=17 starters={'RB1': "De'Von Achane", 'RB2': 'Travis Etienne Jr.', 'WR1': 'Drake London', 'WR2': 'Garrett Wilson', 'TE': 'Dallas Goedert', 'DST': 'Steelers D/ST', 'K': 'Eddy Pineiro', 'FLEX': 'Tre Tucker', 'QB': 'Jaxson Dart'}
2026-09-22T20:10:36.866-07:00	AUTOCOMMIT	week=3	window=set	result=AUTO-COMMIT BLOCKED	failed_gate=4_starter_OUT_or_QB_EMPTY	reason=QB_EMPTY_Dart_OUT;Murray_not_rostered_waiver_PENDING;Brooks_still_on_roster	refresh=ok	startsit_changed=false	roster_as_of=2026-09-22T20:08:30.831852-07:00	roster_n=17	roster_diff=none	hold=none_after_card	espn_write=false	apply_target=QB:EMPTY/TE:Pitts/FLEX:Shaheed	confidence=Medium	ct=Tue Sep 22, 10:10 PM CT
2026-09-23T05:10:00.953095-07:00	ESPN_API_SYNC n=17 starters={'RB1': "De'Von Achane", 'RB2': 'Travis Etienne Jr.', 'WR1': 'Drake London', 'WR2': 'Garrett Wilson', 'TE': 'Dallas Goedert', 'DST': 'Steelers D/ST', 'K': 'Eddy Pineiro', 'FLEX': 'Tre Tucker', 'QB': 'Jaxson Dart'}
2026-09-23T05:11:19.135957-07:00	CLAIM_CHECK week=3 result=EXECUTED txn=9c145c87-8860-4aaf-ba8c-eada79cda247 add=Murray drop=Brooks pending=0 roster_sync=ok card=QB_Murray espn_write=false ct=Wed Sep 23, 7:11 AM CT
2026-09-23T07:14:01.172-05:00	AV	week=3	murray_claim_refresh	players=17	brooks=DROPPED_cleared_from_AV	murray=ADDED_ACTIVE_cleared_concussion_starts_MIN@TB	pittman=OUT->QUESTIONABLE_wed_eval_pending	dart=OUT_hold	goedert=OUT_hold	jacobs=EXEMPT_hold	charbonnet=PUP_hold	pending_stale=cleared	ct=Wed Sep 23, 7:14 AM CT	blitz_only=1
2026-09-23T07:14:01.172-05:00	STATUS_OVERRIDE	player=Jaxson Dart	espn=DOUBTFUL	official=OUT_extended_MRI	source=ESPN/Rapoport/Garafolo/Schefter
2026-09-23T07:14:01.172-05:00	STATUS_OVERRIDE	player=Dallas Goedert	espn=DOUBTFUL	official=OUT_MCL_few_weeks	source=Schefter/Rapoport/ESPN
2026-09-23T07:14:01.172-05:00	STATUS_OVERRIDE	player=Josh Jacobs	espn=DAY_TO_DAY	official=EXEMPT	source=NFL.com/Packers_admin
2026-09-23T07:14:01.172-05:00	STATUS_OVERRIDE	player=Zach Charbonnet	espn=OUT	official=PUP	source=Seahawks/TSN
2026-09-23T07:14:01.172-05:00	ROSTER_DROP	player=Jonathon Brooks	cleared_from_AV	reason=claim_EXECUTED_Murray	txn=9c145c87
2026-09-23T07:14:01.172-05:00	STATUS_NOTE	player=Kyler Murray	state=ACTIVE	cleared_concussion	starts=MIN@TB_Sun_305CT	source=Vikings.com/CBS/Garafolo	claim=EXECUTED_0251CT
2026-09-23T07:14:01.172-05:00	STATUS_NOTE	player=Michael Pittman Jr.	espn=QUESTIONABLE	official=QUESTIONABLE_foot	was=OUT	wed_eval=pending_early_Wed_CT	source=McCarthy/SteelersDepot/NBC
2026-09-23T05:33:45.800429-07:00	ESPN_API_SYNC n=17 starters={'RB1': "De'Von Achane", 'RB2': 'Travis Etienne Jr.', 'WR1': 'Drake London', 'WR2': 'Garrett Wilson', 'TE': 'Dallas Goedert', 'DST': 'Steelers D/ST', 'K': 'Eddy Pineiro', 'FLEX': 'Tre Tucker', 'QB': 'Jaxson Dart'}
2026-09-23T07:36:12-05:00	SHOT_BEFORE	week=3	hash=d9404d783743f9580382b8e00f9cc3559a288e74792a168afcf9b9ce323ed827	window=yes_set_it
2026-09-23T05:36:14.080344-07:00	ESPN_API_APPLY_OK sp=3 moves=6 verify=ok
2026-09-23T07:36:34-05:00	SHOT_AFTER	week=3	hash=3b708d3fff79776f2fc0d0bd2ff813d842bcc8db9d6ca1e329beca15956eecd7	window=yes_set_it	QB=Murray	TE=Pitts	FLEX=Shaheed
2026-09-23T07:36:34-05:00	ESPN_API_APPLY	week=3	write_http=200	verify=ok	alert=false	moves=QB,TE,FLEX
2026-09-23T05:36:35.341586-07:00	ESPN_API_SYNC n=17 starters={'RB1': "De'Von Achane", 'RB2': 'Travis Etienne Jr.', 'WR1': 'Drake London', 'WR2': 'Garrett Wilson', 'TE': 'Kyle Pitts Sr.', 'DST': 'Steelers D/ST', 'K': 'Eddy Pineiro', 'FLEX': 'Rashid Shaheed', 'QB': 'Kyler Murray'}
2026-09-23T13:30:59.289-05:00	W8	week=3	blitz_packet	av_updated=1	status_changes=Dart:OUT_extended->OUT_SEASON_SURGERY	our=Murray_ACTIVE_claim,Dart_SEASON_OVER,Pittman_Wed_LIMITED	lg=Pierce_IR_LL,Flowers_Wed_DNP_TE,Collins_Wed_DNP_PP,Reed_OUT_TNF_FR	sources=Schefter/Rapoport/NFLN,McCarthy/Pryor,Steichen/Yahoo,Ravens.com,NBC/Bien-Aime,Packers	espn_write=false	ken_msg=false	blitz_only=1	ct=Wed Sep 23, 1:30 PM CT
2026-09-23T13:31:52.124-05:00	AV	week=3	dart_season_patch	dart=OUT->IR_SEASON_OVER	murray=ACTIVE_confirmed	goedert=OUT_hold	ct=Wed Sep 23, 1:31 PM CT	blitz_only=1
2026-09-23T13:31:52.124-05:00	STATUS_OVERRIDE	player=Jaxson Dart	espn=DOUBTFUL	official=IR_SEASON_OVER	source=Schefter/Rapoport/NFLN
2026-09-23T14:21:01.945821-07:00	ESPN_API_SYNC n=17 starters={'RB1': "De'Von Achane", 'RB2': 'Travis Etienne Jr.', 'WR1': 'Drake London', 'WR2': 'Garrett Wilson', 'TE': 'Kyle Pitts Sr.', 'DST': 'Steelers D/ST', 'K': 'Eddy Pineiro', 'FLEX': 'Rashid Shaheed', 'QB': 'Kyler Murray'}
2026-09-23T14:23:16.774662-07:00	ESPN_API_SYNC n=17 starters={'RB1': "De'Von Achane", 'RB2': 'Travis Etienne Jr.', 'WR1': 'Drake London', 'WR2': 'Garrett Wilson', 'TE': 'Kyle Pitts Sr.', 'DST': 'Steelers D/ST', 'K': 'Eddy Pineiro', 'FLEX': 'Rashid Shaheed', 'QB': 'Kyler Murray'}
2026-09-23T14:23:16.774662-07:00	STATUS_NOTE	player=Michael Pittman Jr.	espn=Q	official=QUESTIONABLE_foot_Wed_LIMITED_practice	source=McCarthy/Pryor	play_prob=0.50
2026-09-23T14:23:16.774662-07:00	STATUS_NOTE	player=Travis Etienne Jr.	espn=Q	official=ACTIVE_no_W3_OUT	source=ESPN_tag_only_set_backup
2026-09-23T14:23:16.774662-07:00	STATUS_OVERRIDE	player=Jaxson Dart	espn=O	official=IR_SEASON_OVER	source=Schefter/Rapoport	autocommit_set_backup
2026-09-23T14:23:16.774662-07:00	SHOT_BEFORE	week=3	hash=fa655418e3c9a710864a00619af61d3a5739340de69d63b9239183b7a3836cb1	window=set_backup
2026-09-23T14:23:16.774662-07:00	SHOT_AFTER	week=3	hash=fa655418e3c9a710864a00619af61d3a5739340de69d63b9239183b7a3836cb1	window=set_backup	noop=true
2026-09-23T14:23:16.774662-07:00	AUTOCOMMIT	week=3	window=set_backup	result=NOOP_already_matched	gates=1-10_pass_gate7_soft_noop	refresh=ok	startsit_changed=false	roster_as_of=2026-09-23T14:21:01.945256-07:00	roster_n=17	roster_diff=none	hold=none_after_card	verify=ok	alert=false	starters=Murray,Achane,Etienne,London,Wilson,Pitts,Shaheed,Steelers,Pineiro	ct=Wed Sep 23, 4:23 PM CT
2026-09-23T14:34:55.237817-07:00	ESPN_API_SYNC n=17 starters={'RB1': "De'Von Achane", 'RB2': 'Travis Etienne Jr.', 'WR1': 'Drake London', 'WR2': 'Garrett Wilson', 'TE': 'Kyle Pitts Sr.', 'DST': 'Steelers D/ST', 'K': 'Eddy Pineiro', 'FLEX': 'Rashid Shaheed', 'QB': 'Kyler Murray'}
2026-09-23T14:35:03.755989-07:00	DROP player=Tre Tucker id=4428718 http=409 espn_status=None txn=FREEAGENT/DROP
2026-09-23T14:35:04.257088-07:00	ESPN_API_SYNC n=17 starters={'RB1': "De'Von Achane", 'RB2': 'Travis Etienne Jr.', 'WR1': 'Drake London', 'WR2': 'Garrett Wilson', 'TE': 'Kyle Pitts Sr.', 'DST': 'Steelers D/ST', 'K': 'Eddy Pineiro', 'FLEX': 'Rashid Shaheed', 'QB': 'Kyler Murray'}
2026-09-23T14:35:17.184914-07:00	DROP player=Tre Tucker id=4428718 http=200 espn_status=EXECUTED txn=ROSTER/DROP
2026-09-23T14:35:17.541842-07:00	ESPN_API_SYNC n=16 starters={'RB1': "De'Von Achane", 'RB2': 'Travis Etienne Jr.', 'WR1': 'Drake London', 'WR2': 'Garrett Wilson', 'TE': 'Kyle Pitts Sr.', 'DST': 'Steelers D/ST', 'K': 'Eddy Pineiro', 'FLEX': 'Rashid Shaheed', 'QB': 'Kyler Murray'}
2026-09-23T14:35:30.545002-07:00	ACTIVATE player=Zach Charbonnet id=4426385 http=200 espn_status=EXECUTED move=IR(21)->BE(20)
2026-09-23T14:35:30.945836-07:00	ESPN_API_SYNC n=16 starters={'RB1': "De'Von Achane", 'RB2': 'Travis Etienne Jr.', 'WR1': 'Drake London', 'WR2': 'Garrett Wilson', 'TE': 'Kyle Pitts Sr.', 'DST': 'Steelers D/ST', 'K': 'Eddy Pineiro', 'FLEX': 'Rashid Shaheed', 'QB': 'Kyler Murray'}
2026-09-23T14:35:31.615906-07:00	IR_MOVE player=Jaxson Dart id=4689114 http=200 espn_status=EXECUTED move=BE(20)->IR(21)
2026-09-23T14:35:31.997275-07:00	ESPN_API_SYNC n=16 starters={'RB1': "De'Von Achane", 'RB2': 'Travis Etienne Jr.', 'WR1': 'Drake London', 'WR2': 'Garrett Wilson', 'TE': 'Kyle Pitts Sr.', 'DST': 'Steelers D/ST', 'K': 'Eddy Pineiro', 'FLEX': 'Rashid Shaheed', 'QB': 'Kyler Murray'}
2026-09-24T13:16:42.886033-05:00	W8	week=3	blitz_packet	av_updated=1	status_changes=Etienne:ACTIVE->QUESTIONABLE_hamstring_Wed_LP,Jacobs:EXEMPT_hold_court_seal_denied,Pittman:QUESTIONABLE_hold_Thu_report_pending,Meyers:ACTIVE->QUESTIONABLE_thumb_Wed_LP	ourour=Etienne_Q_hamstring,Meyers_Q_thumb,Jacobs_EXEMPT_court,Pittman_Thu_pending	lg=Flowers_Thu_DNP_TE,Collins_Thu_DNP_PP,AJBrown_6-8wk_PP,Puka_surprised_CDS,Evans_optimistic_LY,Dowdle_Thu_DNP_LY,Bowers_Wed_LP_LL	sources=Saints.com,Pats/Jax,Florio/Demovsky,NBC/Hensley,NBC/Alper,Schefter,Rapoport,Farabaugh,Raiders.com	espn_write=false	ken_msg=false	blitz_only=1	ct=Thu Sep 24, 1:16 PM CT
2026-09-24T13:16:42.886033-05:00	AV	week=3	reconcile_roster	tucker=DROPPED_cleared_from_AV	roster_n=16	av_n=16	ct=Thu Sep 24, 1:16 PM CT	blitz_only=1
2026-09-24T13:16:42.886033-05:00	STATUS_NOTE	player=Travis Etienne Jr.	espn=Q	official=QUESTIONABLE_hamstring_Wed_LP	was=ACTIVE_stale_wrong_game	game=LV@NO	source=Saints.com
2026-09-24T13:16:42.886033-05:00	STATUS_NOTE	player=Jakobi Meyers	espn=Q	official=QUESTIONABLE_thumb_Wed_LP	was=ACTIVE_healthy_stale	source=Patriots.com/Jaguars
2026-09-24T13:16:42.886033-05:00	STATUS_NOTE	player=Josh Jacobs	official=EXEMPT_hold	court=seal_denied_Thu	source=Florio/Demovsky
2026-09-24T13:16:42.886033-05:00	STATUS_NOTE	player=Michael Pittman Jr.	espn=Q	official=QUESTIONABLE_foot_Wed_LIMITED	thu_report=pending_~1:15p_CT	source=Steelers.com
2026-09-25T14:14:59-05:00	W8	week=3	blitz_packet	av_updated=1	status_changes=Etienne:QUESTIONABLE->ACTIVE_no_designation_Fri_FP,Allgeier:team_fix_ATL->ARI	lock=London,Pitts,Jacobs:UNLOCKED->DONE	our=Etienne_no_desig,Goedert_avoids_IR,Allgeier_team_fix,Murray_no_desig,Meyers_Pittman_Fri_pending	lg=Puka_DOUBTFUL_CDS,Bowers_Q_LL,DJMoore_Q_GTD_LL,Flowers_Fri_practice_TE,Collins_Fri_DNP_PP,Daniels_out_no_IR_FR,Coker_Q_TCO,Douglas_OUT_DDT,Dowdle_Fri_absent_LY,AJones_no_desig_LL,McConkey_cleared_CDS,Pollard_FP_MBB	qb_ripple=SEA_Darnold_LP_Wed->FP_Thu(Shaheed)	gaps=PIT,JAX,BAL,HOU,SF,LAR_Fri_reports_not_filed_by_2:14p	sources=Saints.com,Vikings.com,Jaguars.com,Steelers.com,NBC,CBS/RotoWire,Fowler,USAToday,azcardinals.com,Packers.com	espn_write=false	ken_msg=false	blitz_only=1	ct=Fri Sep 25, 2:14 PM CT
2026-09-25T14:14:59-05:00	AV	week=3	fri_final_patch	etienne=QUESTIONABLE->ACTIVE	allgeier=ATL@GB->ARI@SF_UNLOCKED	lock_done=London,Pitts,Jacobs	meyers=Q_0.75/0.75	pittman=Q_0.45/0.55	goedert=OUT_hold_no_IR	av_n=16	ct=Fri Sep 25, 2:14 PM CT	blitz_only=1
2026-09-25T14:14:59-05:00	STATUS_OVERRIDE	player=Travis Etienne Jr.	espn=QUESTIONABLE	official=ACTIVE_no_designation_Fri_FP	source=NewOrleansSaints.com_Fri_IR
2026-09-25T14:14:59-05:00	STATUS_NOTE	player=Tyler Allgeier	was=ATL@GB_TNF_wrong_team	official=ARI_signed_2026-03-12	game=ARI@SF_Sun	source=azcardinals.com
2026-09-25T14:14:59-05:00	STATUS_NOTE	player=Dallas Goedert	official=OUT_hold	ir=not_placed_Fowler_Thu	espn=DOUBTFUL	source=FantasyPros/Fowler
2026-09-25T14:14:59-05:00	STATUS_NOTE	player=Josh Jacobs	official=EXEMPT_hold	tnf=did_not_play	source=USAToday
2026-09-25T14:14:59-05:00	STATUS_NOTE	player=Jakobi Meyers	espn=Q	official=pending_Fri	practice=LP_LP	source=Jaguars.com
2026-09-25T14:14:59-05:00	STATUS_NOTE	player=Michael Pittman Jr.	espn=Q	official=pending_Fri	practice=LP_LP	source=Steelers.com
2026-09-25T13:58:43.465512-07:00	ESPN_API_SYNC n=16 starters={'RB1': "De'Von Achane", 'RB2': 'Travis Etienne Jr.', 'WR1': 'Drake London', 'WR2': 'Garrett Wilson', 'TE': 'Kyle Pitts Sr.', 'DST': 'Steelers D/ST', 'K': 'Eddy Pineiro', 'FLEX': 'Rashid Shaheed', 'QB': 'Kyler Murray'}
2026-09-25T16:02:40-05:00	lineup.tweak	week=3	window=friday_tweak	startsit_changed=false	FLEX=Shaheed	Murray=MIN@TB	Meyers=ACTIVE	Pittman=Q	espn_match=true	espn_write=false
2026-09-25T20:21:39-05:00	AV	week=3	fri_night_patch	shaheed=note_QB_ripple_cleared_Darnold_off_report	pittman=Q_0.55->0.45_SPEC_other_Q	meyers=no_desig_confirmed	achane=note_Wright_D	allgeier=note_committee	wilson=note_Taylor_OUT	av_n=16	backup=/tmp/availability.pre-w8frinight.json	ct=Fri Sep 25, 8:21 PM CT	espn_write=false	blitz_only=1
2026-09-25T20:21:39-05:00	STATUS_NOTE	player=Rashid Shaheed	qb=Sam Darnold	official=no_designation_Fri(LP/FP/FP)	ripple=cleared	source=NFL.com/Seattle Times/CBS
2026-09-25T20:21:39-05:00	STATUS_NOTE	player=Michael Pittman Jr.	espn=QUESTIONABLE	official=QUESTIONABLE_foot_Fri_final(LP/LP/LP)	play_prob=0.45	source=Steelers/93.7 The Fan/CBS
2026-09-25T20:21:39-05:00	STATUS_NOTE	player=Jakobi Meyers	espn=ACTIVE	official=no_designation_Fri_final	source=CBS/Jaguars
2026-09-25T20:27:47-05:00	STATUS_NOTE	player=Josh Jacobs	official=EXEMPT_unchanged	new=plea_Sep10_seal_lifted_9-24_std6g_earliest_W7_no_NFL_decision	source=USAToday
2026-09-25T20:27:47-05:00	STATUS_NOTE	player=Zach Charbonnet	official=PUP_unchanged	new=ACL_Jan17_window_not_opened_wk3_earliest_W5	source=CBS/RotoWire/Seahawks.com
2026-09-25T20:27:47-05:00	STATUS_NOTE	player=Dallas Goedert	official=OUT_hold_unchanged	new=few_weeks_no_IR_no_specific_week	source=Fowler/PFT/NBCSP
2026-09-25T20:27:47-05:00	STATUS_NOTE	player=Tyler Allgeier	official=ACTIVE_unchanged	new=Conner_IR-DTR_earliest_W5	source=CBS/PFT
2026-09-25T20:27:47-05:00	AV	week=3	fri_night_patch2	news_only=Jacobs,Charbonnet,Goedert,Allgeier	states_changed=0	av_n=16	backup=/tmp/availability.pre-w8fri2.json	espn_write=false	blitz_only=1
2026-09-25T20:35:58.783042-05:00	WAIVER_CLAIM typed=claim Rashod Bateman txn=FREEAGENT http=200 espn_status=EXECUTED
2026-09-25T20:35:59.058758-05:00	WAIVER_CLAIM typed=claim Jacoby Brissett drop Zach Charbonnet txn=FREEAGENT http=200 espn_status=EXECUTED
2026-09-25T18:36:02.292826-07:00	ESPN_API_SYNC n=17 starters={'RB1': "De'Von Achane", 'RB2': 'Travis Etienne Jr.', 'WR1': 'Drake London', 'WR2': 'Garrett Wilson', 'TE': 'Kyle Pitts Sr.', 'DST': 'Steelers D/ST', 'K': 'Eddy Pineiro', 'FLEX': 'Rashid Shaheed', 'QB': 'Kyler Murray'}
2026-09-25T19:55:35.232733-07:00	FREEAGENT add Panthers D/ST drop Allgeier status=200 (Ken command 9:55 PM CT)
2026-09-25T19:55:39.100519-07:00	LINEUP Panthers D/ST to D/ST, Steelers to BE status=200
2026-09-25T22:06:12-05:00 ROSTER_SYNC availability: -Allgeier (dropped, Blitz verified) -Charbonnet (no longer rostered) +Panthers D/ST +Bateman +Brissett; Goedert espn_tag DOUBTFUL (not IR-slot-eligible on ESPN tag)
2026-09-25T22:24:33-05:00	NFL_SIDE	week=3	as_of=Fri 9/25 10:24 PM CT	states_changed=0	opp_hits=WAS_QB_Daniels_OUT->Mariota,WAS_LB_Luvu_OUT->Styles/Chenal,KC_LT_Simmons_OUT->Benson,TB_EDGE_Bain_OUT->Muhammad/Walker/Nelson,TB_LB_Trotter_OUT,CIN_DT_Hill_D->KJenkins	own_team=NO_LT_Banks_IR->Richards	clean=NYJ@DET,CAR@CLE(G_TJenkins_OUT_only),ARI@SF(opp)	kickoff_fix=CAR@CLE_12:00CT,BAL@DAL_Rio_3:25CT	news_fix=Kupp_Fri_LP_not_FP	team_verify=all_rows_match_schedule(Murray_MIN@TB_already_correct;brief_errors_Murray_ARI/Chris_Pineiro/Etienne_JAX/Week4_not_applied)	opp_notes_added=Achane,Etienne,Wilson,Shaheed,Murray,Pineiro,Pittman,Meyers,CAR_DST	backup=/tmp/availability.pre-nflside-2225.json	source=NFL.com_W3_IR/Commanders.com/PFT/SI/Saints.com/49ers.com/AZSports/AtoZ	espn_write=false
2026-09-26T08:02:41-05:00	W8	week=3	ken_digest=1	blitz_copy=1	baseline=last_ken_digest_2026-09-13	overnight=quiet_MNF_desig_pending	av_news_only=['Dart news: surgery completed Fri (state IR hold)']	states_changed=0	qbz_new=7	league_new=14	sources=NFL.com_W3_IR/CBS/NYPost/NBCChi/Commanders/Saints/Steelers/FantasyPros	espn_write=false	ct=Sat Sep 26, 8:00 AM CT
2026-09-27T07:12:23-05:00	SUN7_AV	week=3	as_of=Sun Sep 27, 7:12 AM CT	states_changed=0	news_refresh=all_17	material_news=['Goedert:Sat_formal_OUT_confirm_espn_DOUBTFUL_hold','Warren_Schefter_expected_play_own_PIT','Flowers_Fowler_pitch_count_if_active','Bateman_opp_DAL_CB1_S_OUT']	status_override_count=3	nfl_side_hits=Daniels_OUT,Simmons_OUT,Conner_D,Wright_D,Bain_OUT,Stanley_OUT,Flowers_Q,Durant_OUT,Hooker_OUT,Locke_OUT,Bosa_OUT,Hill_D,Bowers_Q,Banks_IR,Luvu_OUT,Williams_CHI_OUT	sources=NFL.com_W3_final_IR,CBS_W3_IR_9/26,BGN_Eagles_Sat,Schefter_Warren_9/27,SI_Flowers_Fowler,USAToday_Jacobs	espn_write=false	backup=/tmp/availability.pre-sun7-20260927.json	roster_sync_gap=roster.json_as_of_2026-09-25_stale_still_Allgeier_Steelers_start_Shaheed_FLEX;AV_write_set_17_no_Allgeier	london_early=none_Rio_BAL@DAL_3:25CT	blitz_only=1	ct=Sun Sep 27, 7:12 AM CT
2026-09-27T07:12:23-05:00	STATUS_OVERRIDE	player=Dallas Goedert	espn=DOUBTFUL	official=OUT_Sat_formal_MCL	practice=-/DNP/DNP(+Sat_DNP)	ir=not_placed_Fowler	source=BGN/CBS_9/26
2026-09-27T07:12:23-05:00	STATUS_OVERRIDE	player=Jaxson Dart	espn=DOUBTFUL	official=IR_season_over_surgery_Fri	source=NYPost/Schefter/NFL.com
2026-09-27T07:12:23-05:00	STATUS_OVERRIDE	player=Josh Jacobs	espn=DAY_TO_DAY	official=EXEMPT_Commissioner	source=USAToday/PFT
2026-09-27T07:12:23-05:00	STATUS_NOTE	player=Michael Pittman Jr.	espn=QUESTIONABLE	official=QUESTIONABLE_foot_LP/LP/LP	play_prob=0.45	inactives=~10:30CT	source=NFL.com/Steelers
2026-09-27T07:12:23-05:00	STATUS_NOTE	player=Jaylen Warren	official=QUESTIONABLE_shoulder	beat=Schefter_expected_to_play_Sun	game=CIN@PIT	source=CBS/Schefter_7:41aET
2026-09-27T07:12:23-05:00	NFL_SIDE	week=3	window=SUN7	games=KC@MIA,NYJ@DET,CIN@PIT,NE@JAX,SEA@WAS,CAR@CLE,MIN@TB,ARI@SF,LV@NO,BAL@DAL,PHI@CHI	trees=WAS_QB_Daniels_OUT->Mariota;KC_LT_Simmons_OUT->Benson;KC_S_Conner_D;MIA_RB_Wright_D->Gordon;TB_EDGE_Bain_OUT;BAL_LT_Stanley_OUT->Vinson;BAL_WR_Flowers_Q_pitch;DAL_CB_Durant_OUT+S_Hooker_Locke_OUT;NO_LT_Banks_IR->Richards;SF_EDGE_Bosa_OUT;CIN_DT_Hill_D;LV_TE_Bowers_Q;CHI_QB_Williams_OUT;WAS_LB_Luvu_OUT	watch_chain=Achane_ACTIVE,Marks_HOU_available,Montgomery_healthy,Bowers_Q,Hill_BAL_healthy,Flowers_Q,Warren_Q_expected	espn_write=false
2026-09-27T05:15:56.535809-07:00	ESPN_API_SYNC n=17 starters={'RB1': "De'Von Achane", 'RB2': 'Travis Etienne Jr.', 'WR1': 'Drake London', 'WR2': 'Garrett Wilson', 'TE': 'Kyle Pitts Sr.', 'DST': 'Panthers D/ST', 'K': 'Eddy Pineiro', 'FLEX': 'Rashod Bateman', 'QB': 'Kyler Murray'}
2026-09-27T07:16:03-05:00	ROSTER_SYNC	week=3	n=17	starters=Murray,Achane,Etienne,London,Wilson,Pitts,Bateman_FLEX,Panthers,Pineiro	bench=Goedert(OUT),Brissett,Meyers,Jacobs(DTD),Pittman(Q),Shaheed,Steelers	IR=Dart	diff_vs_live=0	fixes_wire_gap=1	espn_write=false	ct=Sun Sep 27, 7:16 AM CT
2026-09-27T08:07:40-05:00	W8	week=3	ken_digest=1	blitz_copy=1	baseline=last_ken_digest_2026-09-26	av_news=Pittman_Schefter_expected_play_prob_0.45->0.75	states_changed=0	qbz_new=2	league_new=4	sources=Schefter/CBS/NBC/BGN/Bears.com/CBS_Goedert	espn_write=false	ct=Sun Sep 27, 8:05 AM CT
2026-09-27T08:07:40-05:00	STATUS_NOTE	player=Michael Pittman Jr.	espn=QUESTIONABLE	official=QUESTIONABLE_foot_expected_to_play_Schefter	play_prob=0.75	was=0.45	source=Schefter/CBS/NBC_Florio
2026-09-27T08:07:40-05:00	AV	week=3	w8_pittman_expected	pittman=Q_0.45->0.75_Schefter_expected	backup=/tmp/availability.pre-w8-20260927.json	av_n=17	espn_write=false	blitz_only=0	ct=Sun Sep 27, 8:05 AM CT
2026-09-27T07:55:46.394038-07:00	ESPN_API_SYNC n=17 starters={'RB1': "De'Von Achane", 'RB2': 'Travis Etienne Jr.', 'WR1': 'Drake London', 'WR2': 'Garrett Wilson', 'TE': 'Kyle Pitts Sr.', 'DST': 'Panthers D/ST', 'K': 'Eddy Pineiro', 'FLEX': 'Rashod Bateman', 'QB': 'Kyler Murray'}
2026-09-27T09:56:58-05:00	DEADMAN	week=3	window=sunday_953	result=NOOP_ALREADY_MATCHED	swaps=none	verify=ok	alert=false	source_av=2026-09-27T08:07:40-05:00	av_age_h=1.8	starters=Murray,Achane,Etienne,London,Wilson,Pitts,Bateman,Panthers,Pineiro	ken_gate=none	espn_write=false	ct=Sun Sep 27, 9:56 AM CT
2026-09-27T08:42:00.989194-07:00	ESPN_API_SYNC n=17 starters={'RB1': "De'Von Achane", 'RB2': 'Travis Etienne Jr.', 'WR1': 'Drake London', 'WR2': 'Garrett Wilson', 'TE': 'Kyle Pitts Sr.', 'DST': 'Panthers D/ST', 'K': 'Eddy Pineiro', 'FLEX': 'Rashod Bateman', 'QB': 'Kyler Murray'}
2026-09-27T10:42:52.774425-05:00	INACTIVE_SWEEP_NOOP window=early_noon_CT starters_checked=Achane,Wilson,PanthersDST result=none_officially_inactive sources=ESPN_game_401872952_injury,JetPress_Jets_Lions_inactives_2026-09-27 marks_deadman=Achane_ACTIVE_no_claim
2026-09-27T11:38:47-05:00	MARKS_MEYERS_DEADMAN	week=3	result=DISARMED	trigger=Achane_ACTIVE_official	espn_write=false	sources=SI_Poupart_inactives,NBC_Wright_leads_inactives,audit_INACTIVE_SWEEP_10:42	ct=Sun Sep 27, 11:38 AM CT
2026-09-27T15:06:40-05:00 WIRE De'Von Achane lock DONE (KC @ MIA final)
2026-09-27T15:06:40-05:00 WIRE Achane ACTIVE->OUT (in-game knee)
2026-09-27T15:06:40-05:00 WIRE Garrett Wilson lock DONE (NYJ @ DET final)
2026-09-27T15:06:40-05:00 WIRE Jaxson Dart lock DONE (TEN @ NYG final)
2026-09-27T15:06:40-05:00 WIRE Pittman Q->ACTIVE
2026-09-27T15:06:40-05:00 WIRE Jakobi Meyers lock DONE (NE @ JAX final)
2026-09-27T17:24:09-05:00 WIRE Michael Pittman Jr. lock DONE (CIN @ PIT final)
2026-09-27T17:24:09-05:00 WIRE Steelers D/ST lock DONE (CIN @ PIT final)
2026-09-27T17:24:09-05:00 WIRE Carolina Panthers D/ST lock DONE (CAR @ CLE final)
2026-09-27T21:48:14-05:00 WIRE Achane espn_tag DOUBTFUL (not IR-eligible; MRI Mon)
2026-09-27T21:48:14-05:00 WIRE Etienne espn_tag QUESTIONABLE
2026-09-27T20:04:36.362657-07:00	DROP Jaxson Dart pid=4689114 status=409 cmd=Ken 2026-09-27 22:04 War Room ops post
2026-09-27T20:04:49.142424-07:00	DROP retry type=ROSTER Jaxson Dart status=409
2026-09-27T22:43:07-05:00 WIRE lock_state DONE (Sun games final per ESPN scoreboard): Travis Etienne Jr., Kyler Murray, Eddy Pineiro, Rashid Shaheed, Rashod Bateman, Jacoby Brissett. Goedert MNF still UNLOCKED. Pushing to repo data/availability.json per FILESYSTEM order.
2026-10-02T14:04:28.798527-07:00	ESPN_API_SYNC n=16 starters={'RB1': 'RJ Harvey', 'RB2': 'TreVeyon Henderson', 'WR1': 'Drake London', 'WR2': 'Garrett Wilson', 'TE': 'Hunter Henry', 'DST': 'Steelers D/ST', 'K': 'Eddy Pineiro', 'FLEX': 'Jakobi Meyers', 'QB': 'Kyler Murray'}
2026-10-03T17:05:52.795593-07:00	ESPN_API_APPLY_OK sp=4 moves=2 verify=ok
2026-10-03T17:06:16.461350-07:00	ESPN_API_SYNC n=16 starters={'RB1': 'RJ Harvey', 'RB2': 'TreVeyon Henderson', 'WR1': 'Drake London', 'WR2': 'Garrett Wilson', 'TE': 'Hunter Henry', 'DST': 'Steelers D/ST', 'K': 'Eddy Pineiro', 'FLEX': 'Jakobi Meyers', 'QB': 'Jacoby Brissett'}
2026-10-04T07:48:08-05:00	STATUS_OVERRIDE	player=Josh Jacobs	espn=DAY_TO_DAY	official=EXEMPT_Commissioner	source=SI_2026-10-04/NBC_PFT/NFL_admin	play_prob=0	snap_mult=0
2026-10-04T07:48:08-05:00	STATUS_NOTE	player=Jakobi Meyers	espn=null	official=ACTIVE_Fri_FP_no_designation	was=ACTIVE_play_prob_0.85_Fri_LP_stale	play_prob=1.0	source=NFL.com_injuries_W4/CBS_RotoWire
2026-10-04T07:48:08-05:00	STATUS_NOTE	player=Dallas Goedert	espn=OUT	official=OUT_knee_MCL_Week4_final_IR	source=NFL.com_injuries_W4/CBS/BGN
2026-10-04T07:48:08-05:00	STATUS_NOTE	player=Travis Etienne Jr.	espn=INJURY_RESERVE	official=IR_hamstring_placed_2026-10-01	earliest=Week9	source=Saints/nola/AP
2026-10-04T07:48:08-05:00	STATUS_NOTE	player=Steelers D/ST	lock=LOCKED_TNF_DONE
2026-10-04T07:48:08-05:00	STATUS_NOTE	player=Michael Pittman Jr.	lock=LOCKED_TNF_DONE
2026-10-04T07:48:08-05:00	SUN_AV	week=4	as_of=2026-10-04T07:48:08-05:00	states_changed=Jacobs:OUT->EXEMPT,Etienne:OUT->IR,Meyers:play_prob_0.85->1.0	news_refresh=all_16	starters_concern=none_OUT_Q_LIMITED	status_override_count=1	inactives=not_posted_yet_early_noon_CT	sources=NFL.com_injuries_W4,NFL.com_W4_status_article,CBS/RotoWire,SI,NBC_PFT,BGN,Saints/nola/AP,FantasyPros,Vikings.com,Patriots.com	source_failures=espn_etienne_story_fetch_empty_fallback_AP_nola	backup=availability.json.bak-pre-sun-av	espn_write=false	lineup=false	ct=Sun Oct 4, 7:47 AM CT	fresh_for_deadman=yes_final_IR_in_hand_inactives_pending
2026-10-04T08:03:30.728407-07:00	ESPN_API_SYNC n=16 starters={'RB1': 'RJ Harvey', 'RB2': 'TreVeyon Henderson', 'WR1': 'Drake London', 'WR2': 'Garrett Wilson', 'TE': 'Hunter Henry', 'DST': 'Steelers D/ST', 'K': 'Eddy Pineiro', 'FLEX': 'Jakobi Meyers', 'QB': 'Jacoby Brissett'}
2026-10-04T10:05:00-05:00	DEADMAN	week=4	window=sunday_inactives_953	result=NOOP_already_matched	swaps=none	gates=av_pass_as_of_2026-10-04T07:48:08-05:00_age_~2h17m_no_AV_FAIL;ken=yes_set_it_Sat_7:05PM_CT_already_applied;no_hold_no_deadman;starters_all_ACTIVE_per_AV;Goedert_OUT_BE;Jacobs_EXEMPT_BE;Etienne_IR	verify=ok	alert=false	espn_write=false	starters=Brissett,Harvey,Henderson,London,Wilson,Henry,Meyers,Steelers,Pineiro	source_av=Sun_Oct_4_7:48_AM_CT	mode=CLIMB	ct=Sun Oct 4, 10:05 AM CT
2026-10-04T08:40:23.881698-07:00	ESPN_API_SYNC n=16 starters={'RB1': 'RJ Harvey', 'RB2': 'TreVeyon Henderson', 'WR1': 'Garrett Wilson', 'WR2': 'Jakobi Meyers', 'TE': 'Hunter Henry', 'DST': 'Steelers D/ST', 'K': 'Eddy Pineiro', 'FLEX': 'Drake London', 'QB': 'Kyler Murray'}
2026-10-04T10:41:41-05:00	INACTIVE_SWEEP_NOOP	window=early_noon_CT	week=4	starters_checked=Henderson,Henry,Wilson,Meyers	result=none_officially_inactive	sources=Patriots.com_W4_inactives,Jets.com_W4_inactives,Bengals.com_W4_inactives	notes=Hall_Mitchell_inactive_Jets_not_ours;Meyers_not_on_JAX_list;Henderson_Henry_not_on_NE_list	live_espn_starters=Murray,Harvey,Henderson,Wilson,Meyers,Henry,London_FLEX,Steelers,Pineiro	card_mismatch=YES_vs_Sat_card_and_10:05_deadman_Brissett_QB_London_WR_Meyers_FLEX	audit_apply_since_deadman=NONE	mnf=London_FLEX_ATL@NO_Mon_7:15CT_needs_oneoff_545pmCT	late_window=Murray_3:05_Harvey_Pineiro_3:25	ct=Sun Oct 4, 10:42 AM CT
2026-10-04T17:32:54.089791-07:00	ESPN_API_SYNC n=16 starters={'RB1': 'RJ Harvey', 'RB2': 'TreVeyon Henderson', 'WR1': 'Drake London', 'WR2': 'Garrett Wilson', 'TE': 'Hunter Henry', 'DST': 'Steelers D/ST', 'K': 'Eddy Pineiro', 'FLEX': 'Jakobi Meyers', 'QB': 'Jacoby Brissett'}
2026-10-06T12:06:35.836727-07:00	ESPN_API_SYNC n=16 starters={'RB1': 'RJ Harvey', 'RB2': 'TreVeyon Henderson', 'WR1': 'Drake London', 'WR2': 'Garrett Wilson', 'TE': 'Hunter Henry', 'DST': 'Steelers D/ST', 'K': 'Eddy Pineiro', 'FLEX': 'Jakobi Meyers', 'QB': 'Jacoby Brissett'}
2026-10-07T10:27:43.698815-07:00	ESPN_API_SYNC n=16 starters={'RB1': 'RJ Harvey', 'RB2': 'TreVeyon Henderson', 'WR1': 'Drake London', 'WR2': 'Garrett Wilson', 'TE': 'Hunter Henry', 'DST': 'Steelers D/ST', 'K': 'Eddy Pineiro', 'FLEX': 'Jakobi Meyers', 'QB': 'Jacoby Brissett'}
2026-10-07T14:03:12.942172-07:00	ESPN_API_APPLY_OK sp=5 moves=3 verify=ok
2026-10-07T16:03 CT LINEUP_APPLY week=5 by=Blitz on Ken 'Put Gordon in' (War Room): Gordon RB, Harvey FLEX, Meyers BE; verify ok, mismatches=[]
